Archive member included because of file (symbol)

/usr/lib/gcc/avr/4.8.2/avr5/libgcc.a(_udivmodsi4.o)
                              uart.o (__udivmodsi4)
/usr/lib/gcc/avr/4.8.2/avr5/libgcc.a(_exit.o)
                              /usr/lib/gcc/avr/4.8.2/../../../avr/lib/avr5/crtm32u4.o (exit)
/usr/lib/gcc/avr/4.8.2/avr5/libgcc.a(_clear_bss.o)
                              uart.o (__do_clear_bss)

Discarded input sections

 .bss           0x0000000000000000        0x0 /usr/lib/gcc/avr/4.8.2/../../../avr/lib/avr5/crtm32u4.o
 .text          0x0000000000000000        0x0 com.o
 .bss           0x0000000000000000        0x0 com.o
 .text.initUART
                0x0000000000000000       0x20 com.o
 .text          0x0000000000000000        0x0 spi.o
 .bss           0x0000000000000000        0x0 spi.o
 .text.SPI_masterReceive
                0x0000000000000000        0xe spi.o
 .text.digiPotInitWiper
                0x0000000000000000       0x18 spi.o
 .text.accelerometerReceive
                0x0000000000000000       0x46 spi.o
 .text.init_accel
                0x0000000000000000       0x18 spi.o
 .text          0x0000000000000000        0x0 radioctl.o
 .bss           0x0000000000000000        0x0 radioctl.o
 .text.initRadioRX
                0x0000000000000000       0x14 radioctl.o
 .text.activateFeatures
                0x0000000000000000       0x14 radioctl.o
 .text.setRadioRXPayloadSize
                0x0000000000000000       0x2e radioctl.o
 .text.getRadioRXPayload
                0x0000000000000000       0x42 radioctl.o
 .text.getRX_DR
                0x0000000000000000       0x22 radioctl.o
 .text.getTX_FULL
                0x0000000000000000       0x1e radioctl.o
 .text.clearRX_DR
                0x0000000000000000       0x14 radioctl.o
 .text          0x0000000000000000        0x0 uart.o
 .text.uart_init
                0x0000000000000000       0x52 uart.o
 .text.uart_putchar
                0x0000000000000000       0x2a uart.o
 .text.uart_getchar
                0x0000000000000000       0x28 uart.o
 .text.uart_available
                0x0000000000000000       0x12 uart.o
 .text          0x0000000000000000        0x0 usb_debug_only.o
 .text.usb_init
                0x0000000000000000       0x2e usb_debug_only.o
 .text.usb_configured
                0x0000000000000000        0x6 usb_debug_only.o
 .text.usb_debug_putchar
                0x0000000000000000       0x84 usb_debug_only.o
 .text.usb_debug_flush_output
                0x0000000000000000       0x2e usb_debug_only.o
 .text          0x0000000000000000        0x0 print.o
 .bss           0x0000000000000000        0x0 print.o
 .text.print_P  0x0000000000000000       0x2c print.o
 .text.phex1    0x0000000000000000       0x10 print.o
 .text.phex     0x0000000000000000       0x16 print.o
 .text.phex16   0x0000000000000000       0x12 print.o
 .text          0x0000000000000000        0x0 i2c.o
 .bss           0x0000000000000000        0x0 i2c.o
 .text.ERROR1   0x0000000000000000        0x2 i2c.o
 .text.ERROR2   0x0000000000000000        0x2 i2c.o
 .text.initI2C  0x0000000000000000        0xe i2c.o
 .text.batteryICI2C
                0x0000000000000000       0x5e i2c.o
 .text.I2C_receive_batteryIC
                0x0000000000000000       0x92 i2c.o
 .text          0x0000000000000000        0x0 timer.o
 .bss           0x0000000000000000        0x0 timer.o
 .text.setupTimer
                0x0000000000000000       0x2a timer.o
 .text          0x0000000000000000        0x0 /usr/lib/gcc/avr/4.8.2/avr5/libgcc.a(_udivmodsi4.o)
 .bss           0x0000000000000000        0x0 /usr/lib/gcc/avr/4.8.2/avr5/libgcc.a(_udivmodsi4.o)
 .text.libgcc.mul
                0x0000000000000000        0x0 /usr/lib/gcc/avr/4.8.2/avr5/libgcc.a(_udivmodsi4.o)
 .text.libgcc.div
                0x0000000000000000       0x44 /usr/lib/gcc/avr/4.8.2/avr5/libgcc.a(_udivmodsi4.o)
 .text.libgcc   0x0000000000000000        0x0 /usr/lib/gcc/avr/4.8.2/avr5/libgcc.a(_udivmodsi4.o)
 .text.libgcc.prologue
                0x0000000000000000        0x0 /usr/lib/gcc/avr/4.8.2/avr5/libgcc.a(_udivmodsi4.o)
 .text.libgcc.builtins
                0x0000000000000000        0x0 /usr/lib/gcc/avr/4.8.2/avr5/libgcc.a(_udivmodsi4.o)
 .text.libgcc.fmul
                0x0000000000000000        0x0 /usr/lib/gcc/avr/4.8.2/avr5/libgcc.a(_udivmodsi4.o)
 .text.libgcc.fixed
                0x0000000000000000        0x0 /usr/lib/gcc/avr/4.8.2/avr5/libgcc.a(_udivmodsi4.o)
 .text          0x0000000000000000        0x0 /usr/lib/gcc/avr/4.8.2/avr5/libgcc.a(_exit.o)
 .bss           0x0000000000000000        0x0 /usr/lib/gcc/avr/4.8.2/avr5/libgcc.a(_exit.o)
 .text.libgcc.mul
                0x0000000000000000        0x0 /usr/lib/gcc/avr/4.8.2/avr5/libgcc.a(_exit.o)
 .text.libgcc.div
                0x0000000000000000        0x0 /usr/lib/gcc/avr/4.8.2/avr5/libgcc.a(_exit.o)
 .text.libgcc   0x0000000000000000        0x0 /usr/lib/gcc/avr/4.8.2/avr5/libgcc.a(_exit.o)
 .text.libgcc.prologue
                0x0000000000000000        0x0 /usr/lib/gcc/avr/4.8.2/avr5/libgcc.a(_exit.o)
 .text.libgcc.builtins
                0x0000000000000000        0x0 /usr/lib/gcc/avr/4.8.2/avr5/libgcc.a(_exit.o)
 .text.libgcc.fmul
                0x0000000000000000        0x0 /usr/lib/gcc/avr/4.8.2/avr5/libgcc.a(_exit.o)
 .text.libgcc.fixed
                0x0000000000000000        0x0 /usr/lib/gcc/avr/4.8.2/avr5/libgcc.a(_exit.o)
 .text          0x0000000000000000        0x0 /usr/lib/gcc/avr/4.8.2/avr5/libgcc.a(_clear_bss.o)
 .bss           0x0000000000000000        0x0 /usr/lib/gcc/avr/4.8.2/avr5/libgcc.a(_clear_bss.o)
 .text.libgcc.mul
                0x0000000000000000        0x0 /usr/lib/gcc/avr/4.8.2/avr5/libgcc.a(_clear_bss.o)
 .text.libgcc.div
                0x0000000000000000        0x0 /usr/lib/gcc/avr/4.8.2/avr5/libgcc.a(_clear_bss.o)
 .text.libgcc   0x0000000000000000        0x0 /usr/lib/gcc/avr/4.8.2/avr5/libgcc.a(_clear_bss.o)
 .text.libgcc.prologue
                0x0000000000000000        0x0 /usr/lib/gcc/avr/4.8.2/avr5/libgcc.a(_clear_bss.o)
 .text.libgcc.builtins
                0x0000000000000000        0x0 /usr/lib/gcc/avr/4.8.2/avr5/libgcc.a(_clear_bss.o)
 .text.libgcc.fmul
                0x0000000000000000        0x0 /usr/lib/gcc/avr/4.8.2/avr5/libgcc.a(_clear_bss.o)
 .text.libgcc.fixed
                0x0000000000000000        0x0 /usr/lib/gcc/avr/4.8.2/avr5/libgcc.a(_clear_bss.o)

Memory Configuration

Name             Origin             Length             Attributes
text             0x0000000000000000 0x0000000000020000 xr
data             0x0000000000800060 0x000000000000ffa0 rw !x
eeprom           0x0000000000810000 0x0000000000010000 rw !x
fuse             0x0000000000820000 0x0000000000000400 rw !x
lock             0x0000000000830000 0x0000000000000400 rw !x
signature        0x0000000000840000 0x0000000000000400 rw !x
user_signatures  0x0000000000850000 0x0000000000000400 rw !x
*default*        0x0000000000000000 0xffffffffffffffff

Linker script and memory map

Address of section .data set to 0x800100
LOAD /usr/lib/gcc/avr/4.8.2/../../../avr/lib/avr5/crtm32u4.o
LOAD com.o
LOAD spi.o
LOAD radioctl.o
LOAD uart.o
LOAD usb_debug_only.o
LOAD print.o
LOAD i2c.o
LOAD timer.o
LOAD /usr/lib/gcc/avr/4.8.2/../../../avr/lib/avr5/libm.a
START GROUP
LOAD /usr/lib/gcc/avr/4.8.2/avr5/libgcc.a
LOAD /usr/lib/gcc/avr/4.8.2/../../../avr/lib/avr5/libm.a
LOAD /usr/lib/gcc/avr/4.8.2/../../../avr/lib/avr5/libc.a
END GROUP

.hash
 *(.hash)

.dynsym
 *(.dynsym)

.dynstr
 *(.dynstr)

.gnu.version
 *(.gnu.version)

.gnu.version_d
 *(.gnu.version_d)

.gnu.version_r
 *(.gnu.version_r)

.rel.init
 *(.rel.init)

.rela.init
 *(.rela.init)

.rel.text
 *(.rel.text)
 *(.rel.text.*)
 *(.rel.gnu.linkonce.t*)

.rela.text
 *(.rela.text)
 *(.rela.text.*)
 *(.rela.gnu.linkonce.t*)

.rel.fini
 *(.rel.fini)

.rela.fini
 *(.rela.fini)

.rel.rodata
 *(.rel.rodata)
 *(.rel.rodata.*)
 *(.rel.gnu.linkonce.r*)

.rela.rodata
 *(.rela.rodata)
 *(.rela.rodata.*)
 *(.rela.gnu.linkonce.r*)

.rel.data
 *(.rel.data)
 *(.rel.data.*)
 *(.rel.gnu.linkonce.d*)

.rela.data
 *(.rela.data)
 *(.rela.data.*)
 *(.rela.gnu.linkonce.d*)

.rel.ctors
 *(.rel.ctors)

.rela.ctors
 *(.rela.ctors)

.rel.dtors
 *(.rel.dtors)

.rela.dtors
 *(.rela.dtors)

.rel.got
 *(.rel.got)

.rela.got
 *(.rela.got)

.rel.bss
 *(.rel.bss)

.rela.bss
 *(.rela.bss)

.rel.plt
 *(.rel.plt)

.rela.plt
 *(.rela.plt)

.text           0x0000000000000000      0x746
 *(.vectors)
 .vectors       0x0000000000000000       0xac /usr/lib/gcc/avr/4.8.2/../../../avr/lib/avr5/crtm32u4.o
                0x0000000000000000                __vectors
                0x0000000000000000                __vector_default
 *(.vectors)
 *(.progmem.gcc*)
 *(.progmem*)
 .progmem.data  0x00000000000000ac       0xbc usb_debug_only.o
                0x0000000000000168                . = ALIGN (0x2)
                0x0000000000000168                __trampolines_start = .
 *(.trampolines)
 .trampolines   0x0000000000000168        0x0 linker stubs
 *(.trampolines*)
                0x0000000000000168                __trampolines_end = .
 *(.jumptables)
 *(.jumptables*)
 *(.lowtext)
 *(.lowtext*)
                0x0000000000000168                __ctors_start = .
 *(.ctors)
                0x0000000000000168                __ctors_end = .
                0x0000000000000168                __dtors_start = .
 *(.dtors)
                0x0000000000000168                __dtors_end = .
 SORT(*)(.ctors)
 SORT(*)(.dtors)
 *(.init0)
 .init0         0x0000000000000168        0x0 /usr/lib/gcc/avr/4.8.2/../../../avr/lib/avr5/crtm32u4.o
                0x0000000000000168                __init
 *(.init0)
 *(.init1)
 *(.init1)
 *(.init2)
 .init2         0x0000000000000168        0xc /usr/lib/gcc/avr/4.8.2/../../../avr/lib/avr5/crtm32u4.o
 *(.init2)
 *(.init3)
 *(.init3)
 *(.init4)
 .init4         0x0000000000000174       0x10 /usr/lib/gcc/avr/4.8.2/avr5/libgcc.a(_clear_bss.o)
                0x0000000000000174                __do_clear_bss
 *(.init4)
 *(.init5)
 *(.init5)
 *(.init6)
 *(.init6)
 *(.init7)
 *(.init7)
 *(.init8)
 *(.init8)
 *(.init9)
 .init9         0x0000000000000184        0x4 /usr/lib/gcc/avr/4.8.2/../../../avr/lib/avr5/crtm32u4.o
 *(.init9)
 *(.text)
 .text          0x0000000000000188        0x2 /usr/lib/gcc/avr/4.8.2/../../../avr/lib/avr5/crtm32u4.o
                0x0000000000000188                __vector_38
                0x0000000000000188                __vector_22
                0x0000000000000188                __vector_28
                0x0000000000000188                __vector_1
                0x0000000000000188                __vector_32
                0x0000000000000188                __vector_34
                0x0000000000000188                __vector_24
                0x0000000000000188                __vector_12
                0x0000000000000188                __bad_interrupt
                0x0000000000000188                __vector_6
                0x0000000000000188                __vector_31
                0x0000000000000188                __vector_35
                0x0000000000000188                __vector_39
                0x0000000000000188                __vector_3
                0x0000000000000188                __vector_23
                0x0000000000000188                __vector_30
                0x0000000000000188                __vector_13
                0x0000000000000188                __vector_17
                0x0000000000000188                __vector_19
                0x0000000000000188                __vector_7
                0x0000000000000188                __vector_41
                0x0000000000000188                __vector_27
                0x0000000000000188                __vector_5
                0x0000000000000188                __vector_33
                0x0000000000000188                __vector_37
                0x0000000000000188                __vector_4
                0x0000000000000188                __vector_9
                0x0000000000000188                __vector_2
                0x0000000000000188                __vector_21
                0x0000000000000188                __vector_15
                0x0000000000000188                __vector_36
                0x0000000000000188                __vector_29
                0x0000000000000188                __vector_40
                0x0000000000000188                __vector_8
                0x0000000000000188                __vector_14
                0x0000000000000188                __vector_16
                0x0000000000000188                __vector_18
                0x0000000000000188                __vector_20
                0x0000000000000188                __vector_42
                0x000000000000018a                . = ALIGN (0x2)
 *(.text.*)
 .text.startup.main
                0x000000000000018a       0xba com.o
                0x000000000000018a                main
 .text.SPI_masterInit
                0x0000000000000244        0xa spi.o
                0x0000000000000244                SPI_masterInit
 .text.SPI_masterTransmit
                0x000000000000024e        0xc spi.o
                0x000000000000024e                SPI_masterTransmit
 .text.openPort
                0x000000000000025a        0x4 radioctl.o
                0x000000000000025a                openPort
 .text.closePort
                0x000000000000025e        0xe radioctl.o
                0x000000000000025e                closePort
 .text.initRadioTX
                0x000000000000026c        0xc radioctl.o
                0x000000000000026c                initRadioTX
 .text.setRadioAddressWidth
                0x0000000000000278       0x12 radioctl.o
                0x0000000000000278                setRadioAddressWidth
 .text.setRadioFrequency
                0x000000000000028a       0x12 radioctl.o
                0x000000000000028a                setRadioFrequency
 .text.setRadioTXAddress
                0x000000000000029c       0x2e radioctl.o
                0x000000000000029c                setRadioTXAddress
 .text.setRadioRXAddress
                0x00000000000002ca       0x2e radioctl.o
                0x00000000000002ca                setRadioRXAddress
 .text.setRadioTXPayload
                0x00000000000002f8       0x3e radioctl.o
                0x00000000000002f8                setRadioTXPayload
 .text.getRadioStatus
                0x0000000000000336       0x14 radioctl.o
                0x0000000000000336                getRadioStatus
 .text.getTX_DS
                0x000000000000034a       0x20 radioctl.o
                0x000000000000034a                getTX_DS
 .text.getMAX_RT
                0x000000000000036a       0x1e radioctl.o
                0x000000000000036a                getMAX_RT
 .text.clearMAX_RT
                0x0000000000000388        0xc radioctl.o
                0x0000000000000388                clearMAX_RT
 .text.clearTX_DS
                0x0000000000000394        0xc radioctl.o
                0x0000000000000394                clearTX_DS
 .text.__vector_26
                0x00000000000003a0       0x56 uart.o
                0x00000000000003a0                __vector_26
 .text.__vector_25
                0x00000000000003f6       0x4e uart.o
                0x00000000000003f6                __vector_25
 .text.usb_wait_in_ready
                0x0000000000000444        0xa usb_debug_only.o
 .text.__vector_10
                0x000000000000044e       0x7e usb_debug_only.o
                0x000000000000044e                __vector_10
 .text.__vector_11
                0x00000000000004cc      0x276 usb_debug_only.o
                0x00000000000004cc                __vector_11
                0x0000000000000742                . = ALIGN (0x2)
 *(.fini9)
 .fini9         0x0000000000000742        0x0 /usr/lib/gcc/avr/4.8.2/avr5/libgcc.a(_exit.o)
                0x0000000000000742                exit
                0x0000000000000742                _exit
 *(.fini9)
 *(.fini8)
 *(.fini8)
 *(.fini7)
 *(.fini7)
 *(.fini6)
 *(.fini6)
 *(.fini5)
 *(.fini5)
 *(.fini4)
 *(.fini4)
 *(.fini3)
 *(.fini3)
 *(.fini2)
 *(.fini2)
 *(.fini1)
 *(.fini1)
 *(.fini0)
 .fini0         0x0000000000000742        0x4 /usr/lib/gcc/avr/4.8.2/avr5/libgcc.a(_exit.o)
 *(.fini0)
                0x0000000000000746                _etext = .

.data           0x0000000000800100        0x0 load address 0x0000000000000746
                0x0000000000800100                PROVIDE (__data_start, .)
 *(.data)
 .data          0x0000000000800100        0x0 /usr/lib/gcc/avr/4.8.2/../../../avr/lib/avr5/crtm32u4.o
 .data          0x0000000000800100        0x0 com.o
 .data          0x0000000000800100        0x0 spi.o
 .data          0x0000000000800100        0x0 radioctl.o
 .data          0x0000000000800100        0x0 uart.o
 .data          0x0000000000800100        0x0 usb_debug_only.o
 .data          0x0000000000800100        0x0 print.o
 .data          0x0000000000800100        0x0 i2c.o
 .data          0x0000000000800100        0x0 timer.o
 .data          0x0000000000800100        0x0 /usr/lib/gcc/avr/4.8.2/avr5/libgcc.a(_udivmodsi4.o)
 .data          0x0000000000800100        0x0 /usr/lib/gcc/avr/4.8.2/avr5/libgcc.a(_exit.o)
 .data          0x0000000000800100        0x0 /usr/lib/gcc/avr/4.8.2/avr5/libgcc.a(_clear_bss.o)
 *(.data*)
 *(.rodata)
 *(.rodata*)
 *(.gnu.linkonce.d*)
                0x0000000000800100                . = ALIGN (0x2)
                0x0000000000800100                _edata = .
                0x0000000000800100                PROVIDE (__data_end, .)

.bss            0x0000000000800100       0x6f
                0x0000000000800100                PROVIDE (__bss_start, .)
 *(.bss)
 .bss           0x0000000000800100       0x6c uart.o
 .bss           0x000000000080016c        0x3 usb_debug_only.o
 *(.bss*)
 *(COMMON)
                0x000000000080016f                PROVIDE (__bss_end, .)
                0x0000000000000746                __data_load_start = LOADADDR (.data)
                0x0000000000000746                __data_load_end = (__data_load_start + SIZEOF (.data))

.noinit         0x000000000080016f        0x0
                0x000000000080016f                PROVIDE (__noinit_start, .)
 *(.noinit*)
                0x000000000080016f                PROVIDE (__noinit_end, .)
                0x000000000080016f                _end = .
                0x000000000080016f                PROVIDE (__heap_start, .)

.eeprom         0x0000000000810000        0x0
 *(.eeprom*)
                0x0000000000810000                __eeprom_end = .

.fuse
 *(.fuse)
 *(.lfuse)
 *(.hfuse)
 *(.efuse)

.lock
 *(.lock*)

.signature
 *(.signature*)

.user_signatures
 *(.user_signatures*)

.stab           0x0000000000000000      0x6cc
 *(.stab)
 .stab          0x0000000000000000      0x6cc /usr/lib/gcc/avr/4.8.2/../../../avr/lib/avr5/crtm32u4.o

.stabstr        0x0000000000000000       0x54
 *(.stabstr)
 .stabstr       0x0000000000000000       0x54 /usr/lib/gcc/avr/4.8.2/../../../avr/lib/avr5/crtm32u4.o

.stab.excl
 *(.stab.excl)

.stab.exclstr
 *(.stab.exclstr)

.stab.index
 *(.stab.index)

.stab.indexstr
 *(.stab.indexstr)

.comment        0x0000000000000000       0x11
 *(.comment)
 .comment       0x0000000000000000       0x11 com.o
                                         0x12 (size before relaxing)
 .comment       0x0000000000000000       0x12 spi.o
 .comment       0x0000000000000000       0x12 radioctl.o
 .comment       0x0000000000000000       0x12 uart.o
 .comment       0x0000000000000000       0x12 usb_debug_only.o
 .comment       0x0000000000000000       0x12 print.o
 .comment       0x0000000000000000       0x12 i2c.o
 .comment       0x0000000000000000       0x12 timer.o

.debug
 *(.debug)

.line
 *(.line)

.debug_srcinfo
 *(.debug_srcinfo)

.debug_sfnames
 *(.debug_sfnames)

.debug_aranges  0x0000000000000000      0x258
 *(.debug_aranges)
 .debug_aranges
                0x0000000000000000       0x28 com.o
 .debug_aranges
                0x0000000000000028       0x48 spi.o
 .debug_aranges
                0x0000000000000070       0xb8 radioctl.o
 .debug_aranges
                0x0000000000000128       0x48 uart.o
 .debug_aranges
                0x0000000000000170       0x50 usb_debug_only.o
 .debug_aranges
                0x00000000000001c0       0x38 print.o
 .debug_aranges
                0x00000000000001f8       0x40 i2c.o
 .debug_aranges
                0x0000000000000238       0x20 timer.o

.debug_pubnames
 *(.debug_pubnames)

.debug_info     0x0000000000000000     0x1a0b
 *(.debug_info)
 .debug_info    0x0000000000000000      0x415 com.o
 .debug_info    0x0000000000000415      0x220 spi.o
 .debug_info    0x0000000000000635      0x7c4 radioctl.o
 .debug_info    0x0000000000000df9      0x249 uart.o
 .debug_info    0x0000000000001042      0x61b usb_debug_only.o
 .debug_info    0x000000000000165d      0x1fe print.o
 .debug_info    0x000000000000185b      0x122 i2c.o
 .debug_info    0x000000000000197d       0x8e timer.o
 *(.gnu.linkonce.wi.*)

.debug_abbrev   0x0000000000000000      0x94c
 *(.debug_abbrev)
 .debug_abbrev  0x0000000000000000      0x1cb com.o
 .debug_abbrev  0x00000000000001cb      0x111 spi.o
 .debug_abbrev  0x00000000000002dc      0x18d radioctl.o
 .debug_abbrev  0x0000000000000469       0xfc uart.o
 .debug_abbrev  0x0000000000000565      0x1ad usb_debug_only.o
 .debug_abbrev  0x0000000000000712      0x11a print.o
 .debug_abbrev  0x000000000000082c       0xcf i2c.o
 .debug_abbrev  0x00000000000008fb       0x51 timer.o

.debug_line     0x0000000000000000      0x889
 *(.debug_line)
 .debug_line    0x0000000000000000       0xf9 com.o
 .debug_line    0x00000000000000f9       0xc5 spi.o
 .debug_line    0x00000000000001be      0x1fc radioctl.o
 .debug_line    0x00000000000003ba       0xd3 uart.o
 .debug_line    0x000000000000048d      0x208 usb_debug_only.o
 .debug_line    0x0000000000000695       0xb2 print.o
 .debug_line    0x0000000000000747       0xe8 i2c.o
 .debug_line    0x000000000000082f       0x5a timer.o

.debug_frame    0x0000000000000000      0x5f4
 *(.debug_frame)
 .debug_frame   0x0000000000000000       0x48 com.o
 .debug_frame   0x0000000000000048       0x88 spi.o
 .debug_frame   0x00000000000000d0      0x244 radioctl.o
 .debug_frame   0x0000000000000314       0xc4 uart.o
 .debug_frame   0x00000000000003d8      0x11c usb_debug_only.o
 .debug_frame   0x00000000000004f4       0x78 print.o
 .debug_frame   0x000000000000056c       0x64 i2c.o
 .debug_frame   0x00000000000005d0       0x24 timer.o

.debug_str      0x0000000000000000      0x6b6
 *(.debug_str)
 .debug_str     0x0000000000000000      0x227 com.o
                                        0x26a (size before relaxing)
 .debug_str     0x0000000000000227       0x67 spi.o
                                        0x1a9 (size before relaxing)
 .debug_str     0x000000000000028e       0xfa radioctl.o
                                        0x2f6 (size before relaxing)
 .debug_str     0x0000000000000388       0xa7 uart.o
                                        0x1f8 (size before relaxing)
 .debug_str     0x000000000000042f      0x1fb usb_debug_only.o
                                        0x361 (size before relaxing)
 .debug_str     0x000000000000062a       0x22 print.o
                                        0x187 (size before relaxing)
 .debug_str     0x000000000000064c       0x57 i2c.o
                                        0x183 (size before relaxing)
 .debug_str     0x00000000000006a3       0x13 timer.o
                                        0x148 (size before relaxing)

.debug_loc      0x0000000000000000     0x131b
 *(.debug_loc)
 .debug_loc     0x0000000000000000       0xea com.o
 .debug_loc     0x00000000000000ea       0xd2 spi.o
 .debug_loc     0x00000000000001bc      0x63a radioctl.o
 .debug_loc     0x00000000000007f6      0x16c uart.o
 .debug_loc     0x0000000000000962      0x7a6 usb_debug_only.o
 .debug_loc     0x0000000000001108      0x19a print.o
 .debug_loc     0x00000000000012a2       0x79 i2c.o

.debug_macinfo
 *(.debug_macinfo)

.debug_pubtypes
 *(.debug_pubtypes)

.debug_ranges   0x0000000000000000      0x208
 *(.debug_ranges)
 .debug_ranges  0x0000000000000000       0x18 com.o
 .debug_ranges  0x0000000000000018       0x38 spi.o
 .debug_ranges  0x0000000000000050       0xa8 radioctl.o
 .debug_ranges  0x00000000000000f8       0x38 uart.o
 .debug_ranges  0x0000000000000130       0x70 usb_debug_only.o
 .debug_ranges  0x00000000000001a0       0x28 print.o
 .debug_ranges  0x00000000000001c8       0x30 i2c.o
 .debug_ranges  0x00000000000001f8       0x10 timer.o

.debug_macro
 *(.debug_macro)
OUTPUT(com.elf elf32-avr)
LOAD linker stubs

Cross Reference Table

Symbol                                            File
ERROR1                                            i2c.o
ERROR2                                            i2c.o
I2C_receive_batteryIC                             i2c.o
SPI_masterInit                                    spi.o
                                                  com.o
SPI_masterReceive                                 spi.o
                                                  radioctl.o
SPI_masterTransmit                                spi.o
                                                  radioctl.o
__bad_interrupt                                   /usr/lib/gcc/avr/4.8.2/../../../avr/lib/avr5/crtm32u4.o
__bss_end                                         /usr/lib/gcc/avr/4.8.2/avr5/libgcc.a(_clear_bss.o)
__bss_start                                       /usr/lib/gcc/avr/4.8.2/avr5/libgcc.a(_clear_bss.o)
__do_clear_bss                                    /usr/lib/gcc/avr/4.8.2/avr5/libgcc.a(_clear_bss.o)
                                                  usb_debug_only.o
                                                  uart.o
__heap_end                                        /usr/lib/gcc/avr/4.8.2/../../../avr/lib/avr5/crtm32u4.o
__init                                            /usr/lib/gcc/avr/4.8.2/../../../avr/lib/avr5/crtm32u4.o
__stack                                           /usr/lib/gcc/avr/4.8.2/../../../avr/lib/avr5/crtm32u4.o
__udivmodsi4                                      /usr/lib/gcc/avr/4.8.2/avr5/libgcc.a(_udivmodsi4.o)
                                                  uart.o
__vector_1                                        /usr/lib/gcc/avr/4.8.2/../../../avr/lib/avr5/crtm32u4.o
__vector_10                                       usb_debug_only.o
                                                  /usr/lib/gcc/avr/4.8.2/../../../avr/lib/avr5/crtm32u4.o
__vector_11                                       usb_debug_only.o
                                                  /usr/lib/gcc/avr/4.8.2/../../../avr/lib/avr5/crtm32u4.o
__vector_12                                       /usr/lib/gcc/avr/4.8.2/../../../avr/lib/avr5/crtm32u4.o
__vector_13                                       /usr/lib/gcc/avr/4.8.2/../../../avr/lib/avr5/crtm32u4.o
__vector_14                                       /usr/lib/gcc/avr/4.8.2/../../../avr/lib/avr5/crtm32u4.o
__vector_15                                       /usr/lib/gcc/avr/4.8.2/../../../avr/lib/avr5/crtm32u4.o
__vector_16                                       /usr/lib/gcc/avr/4.8.2/../../../avr/lib/avr5/crtm32u4.o
__vector_17                                       /usr/lib/gcc/avr/4.8.2/../../../avr/lib/avr5/crtm32u4.o
__vector_18                                       /usr/lib/gcc/avr/4.8.2/../../../avr/lib/avr5/crtm32u4.o
__vector_19                                       /usr/lib/gcc/avr/4.8.2/../../../avr/lib/avr5/crtm32u4.o
__vector_2                                        /usr/lib/gcc/avr/4.8.2/../../../avr/lib/avr5/crtm32u4.o
__vector_20                                       /usr/lib/gcc/avr/4.8.2/../../../avr/lib/avr5/crtm32u4.o
__vector_21                                       /usr/lib/gcc/avr/4.8.2/../../../avr/lib/avr5/crtm32u4.o
__vector_22                                       /usr/lib/gcc/avr/4.8.2/../../../avr/lib/avr5/crtm32u4.o
__vector_23                                       /usr/lib/gcc/avr/4.8.2/../../../avr/lib/avr5/crtm32u4.o
__vector_24                                       /usr/lib/gcc/avr/4.8.2/../../../avr/lib/avr5/crtm32u4.o
__vector_25                                       uart.o
                                                  /usr/lib/gcc/avr/4.8.2/../../../avr/lib/avr5/crtm32u4.o
__vector_26                                       uart.o
                                                  /usr/lib/gcc/avr/4.8.2/../../../avr/lib/avr5/crtm32u4.o
__vector_27                                       /usr/lib/gcc/avr/4.8.2/../../../avr/lib/avr5/crtm32u4.o
__vector_28                                       /usr/lib/gcc/avr/4.8.2/../../../avr/lib/avr5/crtm32u4.o
__vector_29                                       /usr/lib/gcc/avr/4.8.2/../../../avr/lib/avr5/crtm32u4.o
__vector_3                                        /usr/lib/gcc/avr/4.8.2/../../../avr/lib/avr5/crtm32u4.o
__vector_30                                       /usr/lib/gcc/avr/4.8.2/../../../avr/lib/avr5/crtm32u4.o
__vector_31                                       /usr/lib/gcc/avr/4.8.2/../../../avr/lib/avr5/crtm32u4.o
__vector_32                                       /usr/lib/gcc/avr/4.8.2/../../../avr/lib/avr5/crtm32u4.o
__vector_33                                       /usr/lib/gcc/avr/4.8.2/../../../avr/lib/avr5/crtm32u4.o
__vector_34                                       /usr/lib/gcc/avr/4.8.2/../../../avr/lib/avr5/crtm32u4.o
__vector_35                                       /usr/lib/gcc/avr/4.8.2/../../../avr/lib/avr5/crtm32u4.o
__vector_36                                       /usr/lib/gcc/avr/4.8.2/../../../avr/lib/avr5/crtm32u4.o
__vector_37                                       /usr/lib/gcc/avr/4.8.2/../../../avr/lib/avr5/crtm32u4.o
__vector_38                                       /usr/lib/gcc/avr/4.8.2/../../../avr/lib/avr5/crtm32u4.o
__vector_39                                       /usr/lib/gcc/avr/4.8.2/../../../avr/lib/avr5/crtm32u4.o
__vector_4                                        /usr/lib/gcc/avr/4.8.2/../../../avr/lib/avr5/crtm32u4.o
__vector_40                                       /usr/lib/gcc/avr/4.8.2/../../../avr/lib/avr5/crtm32u4.o
__vector_41                                       /usr/lib/gcc/avr/4.8.2/../../../avr/lib/avr5/crtm32u4.o
__vector_42                                       /usr/lib/gcc/avr/4.8.2/../../../avr/lib/avr5/crtm32u4.o
__vector_5                                        /usr/lib/gcc/avr/4.8.2/../../../avr/lib/avr5/crtm32u4.o
__vector_6                                        /usr/lib/gcc/avr/4.8.2/../../../avr/lib/avr5/crtm32u4.o
__vector_7                                        /usr/lib/gcc/avr/4.8.2/../../../avr/lib/avr5/crtm32u4.o
__vector_8                                        /usr/lib/gcc/avr/4.8.2/../../../avr/lib/avr5/crtm32u4.o
__vector_9                                        /usr/lib/gcc/avr/4.8.2/../../../avr/lib/avr5/crtm32u4.o
__vector_default                                  /usr/lib/gcc/avr/4.8.2/../../../avr/lib/avr5/crtm32u4.o
__vectors                                         /usr/lib/gcc/avr/4.8.2/../../../avr/lib/avr5/crtm32u4.o
_exit                                             /usr/lib/gcc/avr/4.8.2/avr5/libgcc.a(_exit.o)
accelerometerReceive                              spi.o
activateFeatures                                  radioctl.o
batteryICI2C                                      i2c.o
clearMAX_RT                                       radioctl.o
                                                  com.o
clearRX_DR                                        radioctl.o
clearTX_DS                                        radioctl.o
                                                  com.o
closePort                                         radioctl.o
digiPotInitWiper                                  spi.o
exit                                              /usr/lib/gcc/avr/4.8.2/avr5/libgcc.a(_exit.o)
                                                  /usr/lib/gcc/avr/4.8.2/../../../avr/lib/avr5/crtm32u4.o
getMAX_RT                                         radioctl.o
                                                  com.o
getRX_DR                                          radioctl.o
getRadioRXPayload                                 radioctl.o
getRadioStatus                                    radioctl.o
getTX_DS                                          radioctl.o
                                                  com.o
getTX_FULL                                        radioctl.o
initI2C                                           i2c.o
initRadioRX                                       radioctl.o
initRadioTX                                       radioctl.o
                                                  com.o
initUART                                          com.o
init_accel                                        spi.o
main                                              com.o
                                                  /usr/lib/gcc/avr/4.8.2/../../../avr/lib/avr5/crtm32u4.o
openPort                                          radioctl.o
phex                                              print.o
phex1                                             print.o
phex16                                            print.o
print_P                                           print.o
setRadioAddressWidth                              radioctl.o
                                                  com.o
setRadioFrequency                                 radioctl.o
                                                  com.o
setRadioRXAddress                                 radioctl.o
                                                  com.o
setRadioRXPayloadSize                             radioctl.o
setRadioTXAddress                                 radioctl.o
                                                  com.o
setRadioTXPayload                                 radioctl.o
                                                  com.o
setupTimer                                        timer.o
uart_available                                    uart.o
uart_getchar                                      uart.o
uart_init                                         uart.o
uart_putchar                                      uart.o
usb_configured                                    usb_debug_only.o
usb_debug_flush_output                            usb_debug_only.o
usb_debug_putchar                                 usb_debug_only.o
                                                  print.o
usb_init                                          usb_debug_only.o
