Archive member included because of file (symbol)

/usr/local/CrossPack-AVR-20131216/lib/gcc/avr/4.8.1/avr5/libgcc.a(_udivmodsi4.o)
                              uart.o (__udivmodsi4)
/usr/local/CrossPack-AVR-20131216/lib/gcc/avr/4.8.1/avr5/libgcc.a(_exit.o)
                              /usr/local/CrossPack-AVR-20131216/lib/gcc/avr/4.8.1/../../../../avr/lib/avr5/crtm32u4.o (exit)
/usr/local/CrossPack-AVR-20131216/lib/gcc/avr/4.8.1/avr5/libgcc.a(_clear_bss.o)
                              uart.o (__do_clear_bss)

Discarded input sections

 .bss           0x00000000        0x0 /usr/local/CrossPack-AVR-20131216/lib/gcc/avr/4.8.1/../../../../avr/lib/avr5/crtm32u4.o
 .text          0x00000000        0x0 com.o
 .bss           0x00000000        0x0 com.o
 .text.initUART
                0x00000000       0x20 com.o
 .text          0x00000000        0x0 spi.o
 .bss           0x00000000        0x0 spi.o
 .text.SPI_masterReceive
                0x00000000        0xe spi.o
 .text.digiPotInitWiper
                0x00000000       0x18 spi.o
 .text.accelerometerReceive
                0x00000000       0x46 spi.o
 .text.init_accel
                0x00000000       0x18 spi.o
 .text          0x00000000        0x0 radioctl.o
 .bss           0x00000000        0x0 radioctl.o
 .text.initRadioRX
                0x00000000       0x14 radioctl.o
 .text.activateFeatures
                0x00000000       0x14 radioctl.o
 .text.setRadioRXPayloadSize
                0x00000000       0x2e radioctl.o
 .text.getRadioRXPayload
                0x00000000       0x42 radioctl.o
 .text.getRX_DR
                0x00000000       0x22 radioctl.o
 .text.getTX_FULL
                0x00000000       0x1e radioctl.o
 .text.clearRX_DR
                0x00000000       0x14 radioctl.o
 .text          0x00000000        0x0 uart.o
 .text.uart_init
                0x00000000       0x52 uart.o
 .text.uart_putchar
                0x00000000       0x2a uart.o
 .text.uart_getchar
                0x00000000       0x28 uart.o
 .text.uart_available
                0x00000000       0x12 uart.o
 .text          0x00000000        0x0 usb_debug_only.o
 .text.usb_init
                0x00000000       0x2e usb_debug_only.o
 .text.usb_configured
                0x00000000        0x6 usb_debug_only.o
 .text.usb_debug_putchar
                0x00000000       0x84 usb_debug_only.o
 .text.usb_debug_flush_output
                0x00000000       0x2e usb_debug_only.o
 .text          0x00000000        0x0 print.o
 .bss           0x00000000        0x0 print.o
 .text.print_P  0x00000000       0x2c print.o
 .text.phex1    0x00000000       0x10 print.o
 .text.phex     0x00000000       0x16 print.o
 .text.phex16   0x00000000       0x12 print.o
 .text          0x00000000        0x0 i2c.o
 .bss           0x00000000        0x0 i2c.o
 .text.ERROR1   0x00000000        0x2 i2c.o
 .text.ERROR2   0x00000000        0x2 i2c.o
 .text.initI2C  0x00000000        0xe i2c.o
 .text.batteryICI2C
                0x00000000       0x5e i2c.o
 .text.I2C_receive_batteryIC
                0x00000000       0x92 i2c.o
 .text          0x00000000        0x0 timer.o
 .bss           0x00000000        0x0 timer.o
 .text.setupTimer
                0x00000000       0x2a timer.o
 .text          0x00000000        0x0 /usr/local/CrossPack-AVR-20131216/lib/gcc/avr/4.8.1/avr5/libgcc.a(_udivmodsi4.o)
 .bss           0x00000000        0x0 /usr/local/CrossPack-AVR-20131216/lib/gcc/avr/4.8.1/avr5/libgcc.a(_udivmodsi4.o)
 .text.libgcc.mul
                0x00000000        0x0 /usr/local/CrossPack-AVR-20131216/lib/gcc/avr/4.8.1/avr5/libgcc.a(_udivmodsi4.o)
 .text.libgcc.div
                0x00000000       0x44 /usr/local/CrossPack-AVR-20131216/lib/gcc/avr/4.8.1/avr5/libgcc.a(_udivmodsi4.o)
 .text.libgcc   0x00000000        0x0 /usr/local/CrossPack-AVR-20131216/lib/gcc/avr/4.8.1/avr5/libgcc.a(_udivmodsi4.o)
 .text.libgcc.prologue
                0x00000000        0x0 /usr/local/CrossPack-AVR-20131216/lib/gcc/avr/4.8.1/avr5/libgcc.a(_udivmodsi4.o)
 .text.libgcc.builtins
                0x00000000        0x0 /usr/local/CrossPack-AVR-20131216/lib/gcc/avr/4.8.1/avr5/libgcc.a(_udivmodsi4.o)
 .text.libgcc.fmul
                0x00000000        0x0 /usr/local/CrossPack-AVR-20131216/lib/gcc/avr/4.8.1/avr5/libgcc.a(_udivmodsi4.o)
 .text.libgcc.fixed
                0x00000000        0x0 /usr/local/CrossPack-AVR-20131216/lib/gcc/avr/4.8.1/avr5/libgcc.a(_udivmodsi4.o)
 .text          0x00000000        0x0 /usr/local/CrossPack-AVR-20131216/lib/gcc/avr/4.8.1/avr5/libgcc.a(_exit.o)
 .bss           0x00000000        0x0 /usr/local/CrossPack-AVR-20131216/lib/gcc/avr/4.8.1/avr5/libgcc.a(_exit.o)
 .text.libgcc.mul
                0x00000000        0x0 /usr/local/CrossPack-AVR-20131216/lib/gcc/avr/4.8.1/avr5/libgcc.a(_exit.o)
 .text.libgcc.div
                0x00000000        0x0 /usr/local/CrossPack-AVR-20131216/lib/gcc/avr/4.8.1/avr5/libgcc.a(_exit.o)
 .text.libgcc   0x00000000        0x0 /usr/local/CrossPack-AVR-20131216/lib/gcc/avr/4.8.1/avr5/libgcc.a(_exit.o)
 .text.libgcc.prologue
                0x00000000        0x0 /usr/local/CrossPack-AVR-20131216/lib/gcc/avr/4.8.1/avr5/libgcc.a(_exit.o)
 .text.libgcc.builtins
                0x00000000        0x0 /usr/local/CrossPack-AVR-20131216/lib/gcc/avr/4.8.1/avr5/libgcc.a(_exit.o)
 .text.libgcc.fmul
                0x00000000        0x0 /usr/local/CrossPack-AVR-20131216/lib/gcc/avr/4.8.1/avr5/libgcc.a(_exit.o)
 .text.libgcc.fixed
                0x00000000        0x0 /usr/local/CrossPack-AVR-20131216/lib/gcc/avr/4.8.1/avr5/libgcc.a(_exit.o)
 .text          0x00000000        0x0 /usr/local/CrossPack-AVR-20131216/lib/gcc/avr/4.8.1/avr5/libgcc.a(_clear_bss.o)
 .bss           0x00000000        0x0 /usr/local/CrossPack-AVR-20131216/lib/gcc/avr/4.8.1/avr5/libgcc.a(_clear_bss.o)
 .text.libgcc.mul
                0x00000000        0x0 /usr/local/CrossPack-AVR-20131216/lib/gcc/avr/4.8.1/avr5/libgcc.a(_clear_bss.o)
 .text.libgcc.div
                0x00000000        0x0 /usr/local/CrossPack-AVR-20131216/lib/gcc/avr/4.8.1/avr5/libgcc.a(_clear_bss.o)
 .text.libgcc   0x00000000        0x0 /usr/local/CrossPack-AVR-20131216/lib/gcc/avr/4.8.1/avr5/libgcc.a(_clear_bss.o)
 .text.libgcc.prologue
                0x00000000        0x0 /usr/local/CrossPack-AVR-20131216/lib/gcc/avr/4.8.1/avr5/libgcc.a(_clear_bss.o)
 .text.libgcc.builtins
                0x00000000        0x0 /usr/local/CrossPack-AVR-20131216/lib/gcc/avr/4.8.1/avr5/libgcc.a(_clear_bss.o)
 .text.libgcc.fmul
                0x00000000        0x0 /usr/local/CrossPack-AVR-20131216/lib/gcc/avr/4.8.1/avr5/libgcc.a(_clear_bss.o)
 .text.libgcc.fixed
                0x00000000        0x0 /usr/local/CrossPack-AVR-20131216/lib/gcc/avr/4.8.1/avr5/libgcc.a(_clear_bss.o)

Memory Configuration

Name             Origin             Length             Attributes
text             0x00000000         0x00020000         xr
data             0x00800060         0x0000ffa0         rw !x
eeprom           0x00810000         0x00010000         rw !x
fuse             0x00820000         0x00000400         rw !x
lock             0x00830000         0x00000400         rw !x
signature        0x00840000         0x00000400         rw !x
user_signatures  0x00850000         0x00000400         rw !x
*default*        0x00000000         0xffffffff

Linker script and memory map

Address of section .data set to 0x800100
LOAD /usr/local/CrossPack-AVR-20131216/lib/gcc/avr/4.8.1/../../../../avr/lib/avr5/crtm32u4.o
LOAD com.o
LOAD spi.o
LOAD radioctl.o
LOAD uart.o
LOAD usb_debug_only.o
LOAD print.o
LOAD i2c.o
LOAD timer.o
LOAD /usr/local/CrossPack-AVR-20131216/lib/gcc/avr/4.8.1/../../../../avr/lib/avr5/libm.a
START GROUP
LOAD /usr/local/CrossPack-AVR-20131216/lib/gcc/avr/4.8.1/avr5/libgcc.a
LOAD /usr/local/CrossPack-AVR-20131216/lib/gcc/avr/4.8.1/../../../../avr/lib/avr5/libm.a
LOAD /usr/local/CrossPack-AVR-20131216/lib/gcc/avr/4.8.1/../../../../avr/lib/avr5/libc.a
END GROUP

.hash
 *(.hash)

.dynsym
 *(.dynsym)

.dynstr
 *(.dynstr)

.gnu.version
 *(.gnu.version)

.gnu.version_d
 *(.gnu.version_d)

.gnu.version_r
 *(.gnu.version_r)

.rel.init
 *(.rel.init)

.rela.init
 *(.rela.init)

.rel.text
 *(.rel.text)
 *(.rel.text.*)
 *(.rel.gnu.linkonce.t*)

.rela.text
 *(.rela.text)
 *(.rela.text.*)
 *(.rela.gnu.linkonce.t*)

.rel.fini
 *(.rel.fini)

.rela.fini
 *(.rela.fini)

.rel.rodata
 *(.rel.rodata)
 *(.rel.rodata.*)
 *(.rel.gnu.linkonce.r*)

.rela.rodata
 *(.rela.rodata)
 *(.rela.rodata.*)
 *(.rela.gnu.linkonce.r*)

.rel.data
 *(.rel.data)
 *(.rel.data.*)
 *(.rel.gnu.linkonce.d*)

.rela.data
 *(.rela.data)
 *(.rela.data.*)
 *(.rela.gnu.linkonce.d*)

.rel.ctors
 *(.rel.ctors)

.rela.ctors
 *(.rela.ctors)

.rel.dtors
 *(.rel.dtors)

.rela.dtors
 *(.rela.dtors)

.rel.got
 *(.rel.got)

.rela.got
 *(.rela.got)

.rel.bss
 *(.rel.bss)

.rela.bss
 *(.rela.bss)

.rel.plt
 *(.rel.plt)

.rela.plt
 *(.rela.plt)

.text           0x00000000      0x744
 *(.vectors)
 .vectors       0x00000000       0xac /usr/local/CrossPack-AVR-20131216/lib/gcc/avr/4.8.1/../../../../avr/lib/avr5/crtm32u4.o
                0x00000000                __vectors
                0x00000000                __vector_default
 *(.vectors)
 *(.progmem.gcc*)
                0x000000ac                . = ALIGN (0x2)
                0x000000ac                __trampolines_start = .
 *(.trampolines)
 .trampolines   0x000000ac        0x0 linker stubs
 *(.trampolines*)
                0x000000ac                __trampolines_end = .
 *(.progmem*)
 .progmem.data  0x000000ac       0xbc usb_debug_only.o
                0x00000168                . = ALIGN (0x2)
 *(.jumptables)
 *(.jumptables*)
 *(.lowtext)
 *(.lowtext*)
                0x00000168                __ctors_start = .
 *(.ctors)
                0x00000168                __ctors_end = .
                0x00000168                __dtors_start = .
 *(.dtors)
                0x00000168                __dtors_end = .
 SORT(*)(.ctors)
 SORT(*)(.dtors)
 *(.init0)
 .init0         0x00000168        0x0 /usr/local/CrossPack-AVR-20131216/lib/gcc/avr/4.8.1/../../../../avr/lib/avr5/crtm32u4.o
                0x00000168                __init
 *(.init0)
 *(.init1)
 *(.init1)
 *(.init2)
 .init2         0x00000168        0xc /usr/local/CrossPack-AVR-20131216/lib/gcc/avr/4.8.1/../../../../avr/lib/avr5/crtm32u4.o
 *(.init2)
 *(.init3)
 *(.init3)
 *(.init4)
 .init4         0x00000174       0x10 /usr/local/CrossPack-AVR-20131216/lib/gcc/avr/4.8.1/avr5/libgcc.a(_clear_bss.o)
                0x00000174                __do_clear_bss
 *(.init4)
 *(.init5)
 *(.init5)
 *(.init6)
 *(.init6)
 *(.init7)
 *(.init7)
 *(.init8)
 *(.init8)
 *(.init9)
 .init9         0x00000184        0x4 /usr/local/CrossPack-AVR-20131216/lib/gcc/avr/4.8.1/../../../../avr/lib/avr5/crtm32u4.o
 *(.init9)
 *(.text)
 .text          0x00000188        0x2 /usr/local/CrossPack-AVR-20131216/lib/gcc/avr/4.8.1/../../../../avr/lib/avr5/crtm32u4.o
                0x00000188                __vector_42
                0x00000188                __vector_22
                0x00000188                __vector_28
                0x00000188                __vector_1
                0x00000188                __vector_32
                0x00000188                __vector_34
                0x00000188                __vector_24
                0x00000188                __vector_12
                0x00000188                __bad_interrupt
                0x00000188                __vector_6
                0x00000188                __vector_31
                0x00000188                __vector_35
                0x00000188                __vector_39
                0x00000188                __vector_3
                0x00000188                __vector_23
                0x00000188                __vector_30
                0x00000188                __vector_13
                0x00000188                __vector_17
                0x00000188                __vector_19
                0x00000188                __vector_7
                0x00000188                __vector_41
                0x00000188                __vector_27
                0x00000188                __vector_5
                0x00000188                __vector_33
                0x00000188                __vector_37
                0x00000188                __vector_4
                0x00000188                __vector_9
                0x00000188                __vector_2
                0x00000188                __vector_21
                0x00000188                __vector_15
                0x00000188                __vector_36
                0x00000188                __vector_29
                0x00000188                __vector_40
                0x00000188                __vector_8
                0x00000188                __vector_14
                0x00000188                __vector_16
                0x00000188                __vector_18
                0x00000188                __vector_20
                0x00000188                __vector_38
                0x0000018a                . = ALIGN (0x2)
 *(.text.*)
 .text.startup.main
                0x0000018a       0xba com.o
                0x0000018a                main
 .text.SPI_masterInit
                0x00000244        0xa spi.o
                0x00000244                SPI_masterInit
 .text.SPI_masterTransmit
                0x0000024e        0xc spi.o
                0x0000024e                SPI_masterTransmit
 .text.openPort
                0x0000025a        0x4 radioctl.o
                0x0000025a                openPort
 .text.closePort
                0x0000025e        0xe radioctl.o
                0x0000025e                closePort
 .text.initRadioTX
                0x0000026c        0xc radioctl.o
                0x0000026c                initRadioTX
 .text.setRadioAddressWidth
                0x00000278       0x12 radioctl.o
                0x00000278                setRadioAddressWidth
 .text.setRadioFrequency
                0x0000028a       0x12 radioctl.o
                0x0000028a                setRadioFrequency
 .text.setRadioTXAddress
                0x0000029c       0x2e radioctl.o
                0x0000029c                setRadioTXAddress
 .text.setRadioRXAddress
                0x000002ca       0x2e radioctl.o
                0x000002ca                setRadioRXAddress
 .text.setRadioTXPayload
                0x000002f8       0x3e radioctl.o
                0x000002f8                setRadioTXPayload
 .text.getRadioStatus
                0x00000336       0x14 radioctl.o
                0x00000336                getRadioStatus
 .text.getTX_DS
                0x0000034a       0x20 radioctl.o
                0x0000034a                getTX_DS
 .text.getMAX_RT
                0x0000036a       0x1e radioctl.o
                0x0000036a                getMAX_RT
 .text.clearMAX_RT
                0x00000388        0xc radioctl.o
                0x00000388                clearMAX_RT
 .text.clearTX_DS
                0x00000394        0xc radioctl.o
                0x00000394                clearTX_DS
 .text.__vector_26
                0x000003a0       0x56 uart.o
                0x000003a0                __vector_26
 .text.__vector_25
                0x000003f6       0x4e uart.o
                0x000003f6                __vector_25
 .text.usb_wait_in_ready
                0x00000444        0xa usb_debug_only.o
 .text.__vector_10
                0x0000044e       0x7e usb_debug_only.o
                0x0000044e                __vector_10
 .text.__vector_11
                0x000004cc      0x274 usb_debug_only.o
                0x000004cc                __vector_11
                0x00000740                . = ALIGN (0x2)
 *(.fini9)
 .fini9         0x00000740        0x0 /usr/local/CrossPack-AVR-20131216/lib/gcc/avr/4.8.1/avr5/libgcc.a(_exit.o)
                0x00000740                exit
                0x00000740                _exit
 *(.fini9)
 *(.fini8)
 *(.fini8)
 *(.fini7)
 *(.fini7)
 *(.fini6)
 *(.fini6)
 *(.fini5)
 *(.fini5)
 *(.fini4)
 *(.fini4)
 *(.fini3)
 *(.fini3)
 *(.fini2)
 *(.fini2)
 *(.fini1)
 *(.fini1)
 *(.fini0)
 .fini0         0x00000740        0x4 /usr/local/CrossPack-AVR-20131216/lib/gcc/avr/4.8.1/avr5/libgcc.a(_exit.o)
 *(.fini0)
                0x00000744                _etext = .

.data           0x00800100        0x0 load address 0x00000744
                0x00800100                PROVIDE (__data_start, .)
 *(.data)
 .data          0x00800100        0x0 /usr/local/CrossPack-AVR-20131216/lib/gcc/avr/4.8.1/../../../../avr/lib/avr5/crtm32u4.o
 .data          0x00800100        0x0 com.o
 .data          0x00800100        0x0 spi.o
 .data          0x00800100        0x0 radioctl.o
 .data          0x00800100        0x0 uart.o
 .data          0x00800100        0x0 usb_debug_only.o
 .data          0x00800100        0x0 print.o
 .data          0x00800100        0x0 i2c.o
 .data          0x00800100        0x0 timer.o
 .data          0x00800100        0x0 /usr/local/CrossPack-AVR-20131216/lib/gcc/avr/4.8.1/avr5/libgcc.a(_udivmodsi4.o)
 .data          0x00800100        0x0 /usr/local/CrossPack-AVR-20131216/lib/gcc/avr/4.8.1/avr5/libgcc.a(_exit.o)
 .data          0x00800100        0x0 /usr/local/CrossPack-AVR-20131216/lib/gcc/avr/4.8.1/avr5/libgcc.a(_clear_bss.o)
 *(.data*)
 *(.rodata)
 *(.rodata*)
 *(.gnu.linkonce.d*)
                0x00800100                . = ALIGN (0x2)
                0x00800100                _edata = .
                0x00800100                PROVIDE (__data_end, .)

.bss            0x00800100       0x6f
                0x00800100                PROVIDE (__bss_start, .)
 *(.bss)
 .bss           0x00800100       0x6c uart.o
 .bss           0x0080016c        0x3 usb_debug_only.o
 *(.bss*)
 *(COMMON)
                0x0080016f                PROVIDE (__bss_end, .)
                0x00000744                __data_load_start = LOADADDR (.data)
                0x00000744                __data_load_end = (__data_load_start + SIZEOF (.data))

.noinit         0x0080016f        0x0
                0x0080016f                PROVIDE (__noinit_start, .)
 *(.noinit*)
                0x0080016f                PROVIDE (__noinit_end, .)
                0x0080016f                _end = .
                0x0080016f                PROVIDE (__heap_start, .)

.eeprom         0x00810000        0x0
 *(.eeprom*)
                0x00810000                __eeprom_end = .

.fuse
 *(.fuse)
 *(.lfuse)
 *(.hfuse)
 *(.efuse)

.lock
 *(.lock*)

.signature
 *(.signature*)

.user_signatures
 *(.user_signatures*)

.stab
 *(.stab)

.stabstr
 *(.stabstr)

.stab.excl
 *(.stab.excl)

.stab.exclstr
 *(.stab.exclstr)

.stab.index
 *(.stab.index)

.stab.indexstr
 *(.stab.indexstr)

.comment        0x00000000       0x11
 *(.comment)
 .comment       0x00000000       0x11 com.o
                                 0x12 (size before relaxing)
 .comment       0x00000000       0x12 spi.o
 .comment       0x00000000       0x12 radioctl.o
 .comment       0x00000000       0x12 uart.o
 .comment       0x00000000       0x12 usb_debug_only.o
 .comment       0x00000000       0x12 print.o
 .comment       0x00000000       0x12 i2c.o
 .comment       0x00000000       0x12 timer.o

.debug
 *(.debug)

.line
 *(.line)

.debug_srcinfo
 *(.debug_srcinfo)

.debug_sfnames
 *(.debug_sfnames)

.debug_aranges  0x00000000      0x2b8
 *(.debug_aranges)
 .debug_aranges
                0x00000000       0x28 com.o
 .debug_aranges
                0x00000028       0x48 spi.o
 .debug_aranges
                0x00000070       0xb8 radioctl.o
 .debug_aranges
                0x00000128       0x48 uart.o
 .debug_aranges
                0x00000170       0x50 usb_debug_only.o
 .debug_aranges
                0x000001c0       0x38 print.o
 .debug_aranges
                0x000001f8       0x40 i2c.o
 .debug_aranges
                0x00000238       0x20 timer.o
 .debug_aranges
                0x00000258       0x20 /usr/local/CrossPack-AVR-20131216/lib/gcc/avr/4.8.1/avr5/libgcc.a(_udivmodsi4.o)
 .debug_aranges
                0x00000278       0x20 /usr/local/CrossPack-AVR-20131216/lib/gcc/avr/4.8.1/avr5/libgcc.a(_exit.o)
 .debug_aranges
                0x00000298       0x20 /usr/local/CrossPack-AVR-20131216/lib/gcc/avr/4.8.1/avr5/libgcc.a(_clear_bss.o)

.debug_pubnames
 *(.debug_pubnames)

.debug_info     0x00000000     0x1c17
 *(.debug_info)
 .debug_info    0x00000000      0x3eb com.o
 .debug_info    0x000003eb      0x220 spi.o
 .debug_info    0x0000060b      0x7c4 radioctl.o
 .debug_info    0x00000dcf      0x249 uart.o
 .debug_info    0x00001018      0x617 usb_debug_only.o
 .debug_info    0x0000162f      0x1fe print.o
 .debug_info    0x0000182d      0x122 i2c.o
 .debug_info    0x0000194f       0x8e timer.o
 .debug_info    0x000019dd       0xbe /usr/local/CrossPack-AVR-20131216/lib/gcc/avr/4.8.1/avr5/libgcc.a(_udivmodsi4.o)
 .debug_info    0x00001a9b       0xbe /usr/local/CrossPack-AVR-20131216/lib/gcc/avr/4.8.1/avr5/libgcc.a(_exit.o)
 .debug_info    0x00001b59       0xbe /usr/local/CrossPack-AVR-20131216/lib/gcc/avr/4.8.1/avr5/libgcc.a(_clear_bss.o)
 *(.gnu.linkonce.wi.*)

.debug_abbrev   0x00000000      0x98e
 *(.debug_abbrev)
 .debug_abbrev  0x00000000      0x1c4 com.o
 .debug_abbrev  0x000001c4      0x111 spi.o
 .debug_abbrev  0x000002d5      0x18d radioctl.o
 .debug_abbrev  0x00000462       0xfc uart.o
 .debug_abbrev  0x0000055e      0x1ba usb_debug_only.o
 .debug_abbrev  0x00000718      0x11a print.o
 .debug_abbrev  0x00000832       0xcf i2c.o
 .debug_abbrev  0x00000901       0x51 timer.o
 .debug_abbrev  0x00000952       0x14 /usr/local/CrossPack-AVR-20131216/lib/gcc/avr/4.8.1/avr5/libgcc.a(_udivmodsi4.o)
 .debug_abbrev  0x00000966       0x14 /usr/local/CrossPack-AVR-20131216/lib/gcc/avr/4.8.1/avr5/libgcc.a(_exit.o)
 .debug_abbrev  0x0000097a       0x14 /usr/local/CrossPack-AVR-20131216/lib/gcc/avr/4.8.1/avr5/libgcc.a(_clear_bss.o)

.debug_line     0x00000000      0xa98
 *(.debug_line)
 .debug_line    0x00000000      0x12b com.o
 .debug_line    0x0000012b       0xde spi.o
 .debug_line    0x00000209      0x215 radioctl.o
 .debug_line    0x0000041e       0xec uart.o
 .debug_line    0x0000050a      0x221 usb_debug_only.o
 .debug_line    0x0000072b       0xcb print.o
 .debug_line    0x000007f6      0x101 i2c.o
 .debug_line    0x000008f7       0x73 timer.o
 .debug_line    0x0000096a       0x78 /usr/local/CrossPack-AVR-20131216/lib/gcc/avr/4.8.1/avr5/libgcc.a(_udivmodsi4.o)
 .debug_line    0x000009e2       0x58 /usr/local/CrossPack-AVR-20131216/lib/gcc/avr/4.8.1/avr5/libgcc.a(_exit.o)
 .debug_line    0x00000a3a       0x5e /usr/local/CrossPack-AVR-20131216/lib/gcc/avr/4.8.1/avr5/libgcc.a(_clear_bss.o)

.debug_frame    0x00000000      0x5f4
 *(.debug_frame)
 .debug_frame   0x00000000       0x48 com.o
 .debug_frame   0x00000048       0x88 spi.o
 .debug_frame   0x000000d0      0x244 radioctl.o
 .debug_frame   0x00000314       0xc4 uart.o
 .debug_frame   0x000003d8      0x11c usb_debug_only.o
 .debug_frame   0x000004f4       0x78 print.o
 .debug_frame   0x0000056c       0x64 i2c.o
 .debug_frame   0x000005d0       0x24 timer.o

.debug_str      0x00000000      0x6b9
 *(.debug_str)
 .debug_str     0x00000000      0x22a com.o
                                0x26d (size before relaxing)
 .debug_str     0x0000022a       0x67 spi.o
                                0x1b4 (size before relaxing)
 .debug_str     0x00000291       0xfa radioctl.o
                                0x301 (size before relaxing)
 .debug_str     0x0000038b       0xa7 uart.o
                                0x203 (size before relaxing)
 .debug_str     0x00000432      0x1fb usb_debug_only.o
                                0x36c (size before relaxing)
 .debug_str     0x0000062d       0x22 print.o
                                0x192 (size before relaxing)
 .debug_str     0x0000064f       0x57 i2c.o
                                0x18e (size before relaxing)
 .debug_str     0x000006a6       0x13 timer.o
                                0x153 (size before relaxing)

.debug_loc      0x00000000     0x12e9
 *(.debug_loc)
 .debug_loc     0x00000000       0xea com.o
 .debug_loc     0x000000ea       0xd2 spi.o
 .debug_loc     0x000001bc      0x63a radioctl.o
 .debug_loc     0x000007f6      0x16c uart.o
 .debug_loc     0x00000962      0x774 usb_debug_only.o
 .debug_loc     0x000010d6      0x19a print.o
 .debug_loc     0x00001270       0x79 i2c.o

.debug_macinfo
 *(.debug_macinfo)

.debug_pubtypes
 *(.debug_pubtypes)

.debug_ranges   0x00000000      0x208
 *(.debug_ranges)
 .debug_ranges  0x00000000       0x18 com.o
 .debug_ranges  0x00000018       0x38 spi.o
 .debug_ranges  0x00000050       0xa8 radioctl.o
 .debug_ranges  0x000000f8       0x38 uart.o
 .debug_ranges  0x00000130       0x70 usb_debug_only.o
 .debug_ranges  0x000001a0       0x28 print.o
 .debug_ranges  0x000001c8       0x30 i2c.o
 .debug_ranges  0x000001f8       0x10 timer.o

.debug_macro
 *(.debug_macro)
OUTPUT(com.elf elf32-avr)
LOAD linker stubs

Cross Reference Table

Symbol                                            File
ERROR1                                            i2c.o
ERROR2                                            i2c.o
I2C_receive_batteryIC                             i2c.o
SPI_masterInit                                    spi.o
                                                  com.o
SPI_masterReceive                                 spi.o
                                                  radioctl.o
SPI_masterTransmit                                spi.o
                                                  radioctl.o
__bad_interrupt                                   /usr/local/CrossPack-AVR-20131216/lib/gcc/avr/4.8.1/../../../../avr/lib/avr5/crtm32u4.o
__bss_end                                         /usr/local/CrossPack-AVR-20131216/lib/gcc/avr/4.8.1/avr5/libgcc.a(_clear_bss.o)
__bss_start                                       /usr/local/CrossPack-AVR-20131216/lib/gcc/avr/4.8.1/avr5/libgcc.a(_clear_bss.o)
__do_clear_bss                                    /usr/local/CrossPack-AVR-20131216/lib/gcc/avr/4.8.1/avr5/libgcc.a(_clear_bss.o)
                                                  usb_debug_only.o
                                                  uart.o
__heap_end                                        /usr/local/CrossPack-AVR-20131216/lib/gcc/avr/4.8.1/../../../../avr/lib/avr5/crtm32u4.o
__init                                            /usr/local/CrossPack-AVR-20131216/lib/gcc/avr/4.8.1/../../../../avr/lib/avr5/crtm32u4.o
__stack                                           /usr/local/CrossPack-AVR-20131216/lib/gcc/avr/4.8.1/../../../../avr/lib/avr5/crtm32u4.o
__udivmodsi4                                      /usr/local/CrossPack-AVR-20131216/lib/gcc/avr/4.8.1/avr5/libgcc.a(_udivmodsi4.o)
                                                  uart.o
__vector_1                                        /usr/local/CrossPack-AVR-20131216/lib/gcc/avr/4.8.1/../../../../avr/lib/avr5/crtm32u4.o
__vector_10                                       usb_debug_only.o
                                                  /usr/local/CrossPack-AVR-20131216/lib/gcc/avr/4.8.1/../../../../avr/lib/avr5/crtm32u4.o
__vector_11                                       usb_debug_only.o
                                                  /usr/local/CrossPack-AVR-20131216/lib/gcc/avr/4.8.1/../../../../avr/lib/avr5/crtm32u4.o
__vector_12                                       /usr/local/CrossPack-AVR-20131216/lib/gcc/avr/4.8.1/../../../../avr/lib/avr5/crtm32u4.o
__vector_13                                       /usr/local/CrossPack-AVR-20131216/lib/gcc/avr/4.8.1/../../../../avr/lib/avr5/crtm32u4.o
__vector_14                                       /usr/local/CrossPack-AVR-20131216/lib/gcc/avr/4.8.1/../../../../avr/lib/avr5/crtm32u4.o
__vector_15                                       /usr/local/CrossPack-AVR-20131216/lib/gcc/avr/4.8.1/../../../../avr/lib/avr5/crtm32u4.o
__vector_16                                       /usr/local/CrossPack-AVR-20131216/lib/gcc/avr/4.8.1/../../../../avr/lib/avr5/crtm32u4.o
__vector_17                                       /usr/local/CrossPack-AVR-20131216/lib/gcc/avr/4.8.1/../../../../avr/lib/avr5/crtm32u4.o
__vector_18                                       /usr/local/CrossPack-AVR-20131216/lib/gcc/avr/4.8.1/../../../../avr/lib/avr5/crtm32u4.o
__vector_19                                       /usr/local/CrossPack-AVR-20131216/lib/gcc/avr/4.8.1/../../../../avr/lib/avr5/crtm32u4.o
__vector_2                                        /usr/local/CrossPack-AVR-20131216/lib/gcc/avr/4.8.1/../../../../avr/lib/avr5/crtm32u4.o
__vector_20                                       /usr/local/CrossPack-AVR-20131216/lib/gcc/avr/4.8.1/../../../../avr/lib/avr5/crtm32u4.o
__vector_21                                       /usr/local/CrossPack-AVR-20131216/lib/gcc/avr/4.8.1/../../../../avr/lib/avr5/crtm32u4.o
__vector_22                                       /usr/local/CrossPack-AVR-20131216/lib/gcc/avr/4.8.1/../../../../avr/lib/avr5/crtm32u4.o
__vector_23                                       /usr/local/CrossPack-AVR-20131216/lib/gcc/avr/4.8.1/../../../../avr/lib/avr5/crtm32u4.o
__vector_24                                       /usr/local/CrossPack-AVR-20131216/lib/gcc/avr/4.8.1/../../../../avr/lib/avr5/crtm32u4.o
__vector_25                                       uart.o
                                                  /usr/local/CrossPack-AVR-20131216/lib/gcc/avr/4.8.1/../../../../avr/lib/avr5/crtm32u4.o
__vector_26                                       uart.o
                                                  /usr/local/CrossPack-AVR-20131216/lib/gcc/avr/4.8.1/../../../../avr/lib/avr5/crtm32u4.o
__vector_27                                       /usr/local/CrossPack-AVR-20131216/lib/gcc/avr/4.8.1/../../../../avr/lib/avr5/crtm32u4.o
__vector_28                                       /usr/local/CrossPack-AVR-20131216/lib/gcc/avr/4.8.1/../../../../avr/lib/avr5/crtm32u4.o
__vector_29                                       /usr/local/CrossPack-AVR-20131216/lib/gcc/avr/4.8.1/../../../../avr/lib/avr5/crtm32u4.o
__vector_3                                        /usr/local/CrossPack-AVR-20131216/lib/gcc/avr/4.8.1/../../../../avr/lib/avr5/crtm32u4.o
__vector_30                                       /usr/local/CrossPack-AVR-20131216/lib/gcc/avr/4.8.1/../../../../avr/lib/avr5/crtm32u4.o
__vector_31                                       /usr/local/CrossPack-AVR-20131216/lib/gcc/avr/4.8.1/../../../../avr/lib/avr5/crtm32u4.o
__vector_32                                       /usr/local/CrossPack-AVR-20131216/lib/gcc/avr/4.8.1/../../../../avr/lib/avr5/crtm32u4.o
__vector_33                                       /usr/local/CrossPack-AVR-20131216/lib/gcc/avr/4.8.1/../../../../avr/lib/avr5/crtm32u4.o
__vector_34                                       /usr/local/CrossPack-AVR-20131216/lib/gcc/avr/4.8.1/../../../../avr/lib/avr5/crtm32u4.o
__vector_35                                       /usr/local/CrossPack-AVR-20131216/lib/gcc/avr/4.8.1/../../../../avr/lib/avr5/crtm32u4.o
__vector_36                                       /usr/local/CrossPack-AVR-20131216/lib/gcc/avr/4.8.1/../../../../avr/lib/avr5/crtm32u4.o
__vector_37                                       /usr/local/CrossPack-AVR-20131216/lib/gcc/avr/4.8.1/../../../../avr/lib/avr5/crtm32u4.o
__vector_38                                       /usr/local/CrossPack-AVR-20131216/lib/gcc/avr/4.8.1/../../../../avr/lib/avr5/crtm32u4.o
__vector_39                                       /usr/local/CrossPack-AVR-20131216/lib/gcc/avr/4.8.1/../../../../avr/lib/avr5/crtm32u4.o
__vector_4                                        /usr/local/CrossPack-AVR-20131216/lib/gcc/avr/4.8.1/../../../../avr/lib/avr5/crtm32u4.o
__vector_40                                       /usr/local/CrossPack-AVR-20131216/lib/gcc/avr/4.8.1/../../../../avr/lib/avr5/crtm32u4.o
__vector_41                                       /usr/local/CrossPack-AVR-20131216/lib/gcc/avr/4.8.1/../../../../avr/lib/avr5/crtm32u4.o
__vector_42                                       /usr/local/CrossPack-AVR-20131216/lib/gcc/avr/4.8.1/../../../../avr/lib/avr5/crtm32u4.o
__vector_5                                        /usr/local/CrossPack-AVR-20131216/lib/gcc/avr/4.8.1/../../../../avr/lib/avr5/crtm32u4.o
__vector_6                                        /usr/local/CrossPack-AVR-20131216/lib/gcc/avr/4.8.1/../../../../avr/lib/avr5/crtm32u4.o
__vector_7                                        /usr/local/CrossPack-AVR-20131216/lib/gcc/avr/4.8.1/../../../../avr/lib/avr5/crtm32u4.o
__vector_8                                        /usr/local/CrossPack-AVR-20131216/lib/gcc/avr/4.8.1/../../../../avr/lib/avr5/crtm32u4.o
__vector_9                                        /usr/local/CrossPack-AVR-20131216/lib/gcc/avr/4.8.1/../../../../avr/lib/avr5/crtm32u4.o
__vector_default                                  /usr/local/CrossPack-AVR-20131216/lib/gcc/avr/4.8.1/../../../../avr/lib/avr5/crtm32u4.o
__vectors                                         /usr/local/CrossPack-AVR-20131216/lib/gcc/avr/4.8.1/../../../../avr/lib/avr5/crtm32u4.o
_exit                                             /usr/local/CrossPack-AVR-20131216/lib/gcc/avr/4.8.1/avr5/libgcc.a(_exit.o)
accelerometerReceive                              spi.o
activateFeatures                                  radioctl.o
batteryICI2C                                      i2c.o
clearMAX_RT                                       radioctl.o
                                                  com.o
clearRX_DR                                        radioctl.o
clearTX_DS                                        radioctl.o
                                                  com.o
closePort                                         radioctl.o
digiPotInitWiper                                  spi.o
exit                                              /usr/local/CrossPack-AVR-20131216/lib/gcc/avr/4.8.1/avr5/libgcc.a(_exit.o)
                                                  /usr/local/CrossPack-AVR-20131216/lib/gcc/avr/4.8.1/../../../../avr/lib/avr5/crtm32u4.o
getMAX_RT                                         radioctl.o
                                                  com.o
getRX_DR                                          radioctl.o
getRadioRXPayload                                 radioctl.o
getRadioStatus                                    radioctl.o
getTX_DS                                          radioctl.o
                                                  com.o
getTX_FULL                                        radioctl.o
initI2C                                           i2c.o
initRadioRX                                       radioctl.o
initRadioTX                                       radioctl.o
                                                  com.o
initUART                                          com.o
init_accel                                        spi.o
main                                              com.o
                                                  /usr/local/CrossPack-AVR-20131216/lib/gcc/avr/4.8.1/../../../../avr/lib/avr5/crtm32u4.o
openPort                                          radioctl.o
phex                                              print.o
phex1                                             print.o
phex16                                            print.o
print_P                                           print.o
setRadioAddressWidth                              radioctl.o
                                                  com.o
setRadioFrequency                                 radioctl.o
                                                  com.o
setRadioRXAddress                                 radioctl.o
                                                  com.o
setRadioRXPayloadSize                             radioctl.o
setRadioTXAddress                                 radioctl.o
                                                  com.o
setRadioTXPayload                                 radioctl.o
                                                  com.o
setupTimer                                        timer.o
uart_available                                    uart.o
uart_getchar                                      uart.o
uart_init                                         uart.o
uart_putchar                                      uart.o
usb_configured                                    usb_debug_only.o
usb_debug_flush_output                            usb_debug_only.o
usb_debug_putchar                                 usb_debug_only.o
                                                  print.o
usb_init                                          usb_debug_only.o
